
[0;34m════════════════════════════════════════════════════════════════[0m
[0;34m1. TESTING SERVICES STATUS[0m
[0;34m════════════════════════════════════════════════════════════════[0m

[1;33m[TEST 1] All services running[0m
[0;32m✅ PASS[0m


[0;34m════════════════════════════════════════════════════════════════[0m
[0;34m2. TESTING API HEALTH[0m
[0;34m════════════════════════════════════════════════════════════════[0m

[1;33m[TEST 2] Health endpoint responds[0m
[0;32m✅ PASS[0m


[0;34m════════════════════════════════════════════════════════════════[0m
[0;34m3. TESTING ASSET ENDPOINTS[0m
[0;34m════════════════════════════════════════════════════════════════[0m

[1;33m[TEST 3] GET /api/assets endpoint[0m
[0;32m✅ PASS[0m


[0;34m════════════════════════════════════════════════════════════════[0m
[0;34m4. TESTING FILE UPLOAD[0m
[0;34m════════════════════════════════════════════════════════════════[0m

[1;33m[TEST 4] Create and upload test file[0m
[0;32m✅ PASS[0m

[1;33m[TEST 5] File persisted to MinIO[0m
[0;31m❌ FAIL: File not found in MinIO at /data/minio/assets/uploads/1767297252758-test-1767297252.bin[0m


[0;34m════════════════════════════════════════════════════════════════[0m
[0;34m5. TESTING SINGLE ASSET RETRIEVAL[0m
[0;34m════════════════════════════════════════════════════════════════[0m

[1;33m[TEST 6] GET /api/assets/:id endpoint[0m
[0;32m✅ PASS[0m


[0;34m════════════════════════════════════════════════════════════════[0m
[0;34m6. TESTING WORKER PROCESSING[0m
[0;34m════════════════════════════════════════════════════════════════[0m

[1;33m[TEST 7] Worker processes job (10 seconds)[0m
[0;32m✅ PASS[0m

[1;33m[TEST 8] Asset status updated to PROCESSED[0m
[0;32m✅ PASS[0m


[0;34m════════════════════════════════════════════════════════════════[0m
[0;34m7. TESTING STATISTICS[0m
[0;34m════════════════════════════════════════════════════════════════[0m

[1;33m[TEST 9] GET /api/stats endpoint[0m
  Total: 24, Pending: 16, Processed: 7
[0;32m✅ PASS[0m


[0;34m════════════════════════════════════════════════════════════════[0m
[0;34m8. TESTING ASSET DELETION[0m
[0;34m════════════════════════════════════════════════════════════════[0m

[1;33m[TEST 10] DELETE /api/assets/:id endpoint[0m
[0;32m✅ PASS[0m

[1;33m[TEST 11] Asset deleted from database[0m
[0;31m❌ FAIL: Asset still exists after deletion[0m


[0;34m════════════════════════════════════════════════════════════════[0m
[0;34m9. TESTING WORKER LOGS[0m
[0;34m════════════════════════════════════════════════════════════════[0m

[1;33m[TEST 12] Worker processing logs contain expected messages[0m
[0;32m✅ PASS[0m


[0;34m════════════════════════════════════════════════════════════════[0m
[0;34mTEST SUMMARY[0m
[0;34m════════════════════════════════════════════════════════════════[0m

Total Tests Run:   [0;34m12[0m
Tests Passed:      [0;32m10[0m
Tests Failed:      [0;31m2[0m

[0;31m❌ SOME TESTS FAILED![0m

